<!DOCTYPE html>
<html>
<head>
	<meta charset="utf-8">
	<title>test</title>
	<link rel="stylesheet" href="//s.cctcdn.cn/w/1611/css/test.css?v=b3309ed">
	<link rel="stylesheet" href="//s.cctcdn.cn/w/1611/css/pages/home.css?v=b3309ed">
</head>
<body>
	<img src="//s.cctcdn.cn/w/1611/images/global/logo.png?v=a1a20a7&type=2" alt="test">
	<img src="//s.cctcdn.cn/w/1611/images/blank.png?v=7ba2edd" alt="test">
</body>
</html>
